[debug] [2026-10-07T10:29:04.269Z] ----------------------------------------------------------------------
[debug] [2026-10-07T10:29:04.272Z] Command:       C:\Program Files\nodejs\node.exe C:\Users\ASUS\AppData\Roaming\npm\node_modules\firebase-tools\lib\bin\firebase.js deploy --only hosting
[debug] [2026-10-07T10:29:04.272Z] CLI Version:   15.28.2
[debug] [2026-10-07T10:29:04.272Z] Platform:      win32
[debug] [2026-10-07T10:29:04.273Z] Node Version:  v24.19.0
[debug] [2026-10-07T10:29:04.273Z] Detected Agent: antigravity
[debug] [2026-10-07T10:29:04.273Z] Time:          Wed Oct 07 2026 17:29:04 GMT+0700 (Western Indonesia Time)
[debug] [2026-10-07T10:29:04.273Z] ----------------------------------------------------------------------
[debug] 
[debug] [2026-10-07T10:29:05.477Z] > command requires scopes: ["email","openid","https://www.googleapis.com/auth/cloudplatformprojects.readonly","https://www.googleapis.com/auth/firebase","https://www.googleapis.com/auth/cloud-platform"]
[debug] [2026-10-07T10:29:05.478Z] > authorizing via signed-in user (fr6382211@gmail.com)
[debug] [2026-10-07T10:29:05.478Z] [iam] checking project raport-f581d for permissions ["firebase.projects.get","firebasehosting.sites.update"]
[debug] [2026-10-07T10:29:05.491Z] Checked if tokens are valid: true, expires at: 1791372074186
[debug] [2026-10-07T10:29:05.491Z] Checked if tokens are valid: true, expires at: 1791372074186
[debug] [2026-10-07T10:29:05.492Z] >>> [apiv2][query] POST https://cloudresourcemanager.googleapis.com/v1/projects/raport-f581d:testIamPermissions [none]
[debug] [2026-10-07T10:29:05.493Z] >>> [apiv2][(partial)header] POST https://cloudresourcemanager.googleapis.com/v1/projects/raport-f581d:testIamPermissions  x-goog-user-project=raport-f581d
[debug] [2026-10-07T10:29:05.493Z] >>> [apiv2][body] POST https://cloudresourcemanager.googleapis.com/v1/projects/raport-f581d:testIamPermissions {"permissions":["firebase.projects.get","firebasehosting.sites.update"]}
[debug] [2026-10-07T10:29:06.135Z] <<< [apiv2][status] POST https://cloudresourcemanager.googleapis.com/v1/projects/raport-f581d:testIamPermissions 200
[debug] [2026-10-07T10:29:06.135Z] <<< [apiv2][body] POST https://cloudresourcemanager.googleapis.com/v1/projects/raport-f581d:testIamPermissions {"permissions":["firebase.projects.get","firebasehosting.sites.update"]}
[debug] [2026-10-07T10:29:06.136Z] Checked if tokens are valid: true, expires at: 1791372074186
[debug] [2026-10-07T10:29:06.136Z] Checked if tokens are valid: true, expires at: 1791372074186
[debug] [2026-10-07T10:29:06.136Z] >>> [apiv2][query] GET https://firebase.googleapis.com/v1beta1/projects/raport-f581d [none]
[debug] [2026-10-07T10:29:06.946Z] <<< [apiv2][status] GET https://firebase.googleapis.com/v1beta1/projects/raport-f581d 200
[debug] [2026-10-07T10:29:06.946Z] <<< [apiv2][body] GET https://firebase.googleapis.com/v1beta1/projects/raport-f581d {"projectId":"raport-f581d","projectNumber":"875562571062","displayName":"raport","name":"projects/raport-f581d","resources":{"hostingSite":"raport-f581d","realtimeDatabaseInstance":"raport-f581d-default-rtdb"},"state":"ACTIVE","labels":{"firebase":"enabled"},"etag":"1_c6a8a141-8012-4d9a-b0a9-34e84f139bdb"}
[info] 
[info] === Deploying to 'raport-f581d'...
[info] 
[info] i  deploying hosting 
[debug] [2026-10-07T10:29:06.948Z] Checked if tokens are valid: true, expires at: 1791372074186
[debug] [2026-10-07T10:29:06.948Z] Checked if tokens are valid: true, expires at: 1791372074186
[debug] [2026-10-07T10:29:06.948Z] >>> [apiv2][query] GET https://firebasehosting.googleapis.com/v1beta1/projects/raport-f581d/sites/raport-f581d [none]
[debug] [2026-10-07T10:29:08.013Z] <<< [apiv2][status] GET https://firebasehosting.googleapis.com/v1beta1/projects/raport-f581d/sites/raport-f581d 200
[debug] [2026-10-07T10:29:08.013Z] <<< [apiv2][body] GET https://firebasehosting.googleapis.com/v1beta1/projects/raport-f581d/sites/raport-f581d {"name":"projects/raport-f581d/sites/raport-f581d","defaultUrl":"https://raport-f581d.web.app","appId":"1:875562571062:web:f5918a820857ba6ef94f97","type":"DEFAULT_SITE"}
[debug] [2026-10-07T10:29:08.017Z] Checked if tokens are valid: true, expires at: 1791372074186
[debug] [2026-10-07T10:29:08.017Z] Checked if tokens are valid: true, expires at: 1791372074186
[debug] [2026-10-07T10:29:08.017Z] >>> [apiv2][query] POST https://firebasehosting.googleapis.com/v1beta1/projects/-/sites/raport-f581d/versions [none]
[debug] [2026-10-07T10:29:08.017Z] >>> [apiv2][body] POST https://firebasehosting.googleapis.com/v1beta1/projects/-/sites/raport-f581d/versions {"status":"CREATED","labels":{"deployment-tool":"cli-firebase"}}
[debug] [2026-10-07T10:29:09.075Z] <<< [apiv2][status] POST https://firebasehosting.googleapis.com/v1beta1/projects/-/sites/raport-f581d/versions 200
[debug] [2026-10-07T10:29:09.075Z] <<< [apiv2][body] POST https://firebasehosting.googleapis.com/v1beta1/projects/-/sites/raport-f581d/versions {"name":"projects/875562571062/sites/raport-f581d/versions/8e31625bc80d12dc","status":"CREATED","config":{},"labels":{"deployment-tool":"cli-firebase"}}
[info] i  hosting[raport-f581d]: beginning deploy... 
[info] i  hosting[raport-f581d]: found 131 files in dist 
[debug] [2026-10-07T10:29:09.094Z] [hosting] uploading with 200 concurrency
[debug] [2026-10-07T10:29:09.101Z] Checked if tokens are valid: true, expires at: 1791372074186
[debug] [2026-10-07T10:29:09.101Z] Checked if tokens are valid: true, expires at: 1791372074186
[debug] [2026-10-07T10:29:09.102Z] [hosting] hash cache [ZGlzdA] stored for 131 files
[debug] [2026-10-07T10:29:09.102Z] [hosting][hash queue][FINAL] {"max":2,"min":0,"avg":0.5024714756946961,"active":0,"complete":131,"success":131,"errored":0,"retried":0,"total":131,"elapsed":6}
[debug] [2026-10-07T10:29:09.102Z] >>> [apiv2][query] POST https://firebasehosting.googleapis.com/v1beta1/projects/875562571062/sites/raport-f581d/versions/8e31625bc80d12dc:populateFiles [none]
[debug] [2026-10-07T10:29:09.103Z] >>> [apiv2][body] POST https://firebasehosting.googleapis.com/v1beta1/projects/875562571062/sites/raport-f581d/versions/8e31625bc80d12dc:populateFiles {"files":{"/_redirects":"799fdc4bd19ebfb44864f63652128ea6575de3007dfa92d1465e1c91ba068abf","/sw.js":"14bde1658e2067dd6e5010976cc7186edec6a6406fdbec8c9eb1e1f19049df21","/schedule.json":"935005a997524a8bf977bd6ca0f289addab124bb1bf64f13f07cb4d3397c375e","/manifest.webmanifest":"6ffacd69c0171566a09621df1d9194aa752e9ef59624cb29e98c255c26385447","/index.html":"944cda57b0983b0b4fa2dfc95609a089cc1ad0bb269de002b007fbb3753b1f0f","/hs_lunaobscura_v1.0/HS_LunaObscura.woff2":"99e204ce81305777dc12d85ec0e7e0f4fb60592d49aadeaa6df2444a8403ac9b","/hs_lunaobscura_v1.0/HS_LunaObscura.otf":"54f3f0e7f07b2d545fbfad9453c24bc8004b6b9b92ed0fa1b238981d6362f9d4","/data/jadwal_kelas_12b_expanded.json":"2e14cb21c328de1582845224de7d53381e34e1e0c477df18399471d7d75ad3c8","/brand/fathur-school-hub-crest.png":"887aefe6bd866f913aab6e38313972545be80d0287f3304eb054cfb95f4fa3e2","/assets/web-DzZGrJ-V.js":"f80da3a657edce19ba7a857af5e4873be25c8b38ef44d877829e549355e9f54a","/assets/web-CSB8qyRj.js":"a5a35be38241dcfb7a3a570303238da898f591272ebd3b86c08516c41eb63ea8","/assets/web-B422QdUR.js":"adda0897287159cae86eee32f17e011cc2a7f445518d31f4786c9b4070ba510d","/assets/wand-sparkles-bbAgbhAY.js":"ce818ec8cbeb9f1cd77a4ae206e19e852d0a80f199e308d85a247fbee1964350","/assets/video-BzWwW2uc.js":"74352531dfb823764b6dae0ebe3f0d0e84aa1888c92e0cc8488f4dfef5e708f5","/assets/VerifyEmail-CdFGHDDV.js":"60e6ca10169dee97fc802c0189121d93100235295aca3f30553eeb92f98d1796","/assets/vendor-supabase-Pf0Abwmk.js":"7baf1345424f4a428bd4f960c689777560b198c08acb351ddcabf5d7d6f68fed","/assets/vendor-router-DzlE2aDD.js":"8564f399e0b95e36030b11f2ef3720a6e85d6354bc7d4bcafc680c16eec6a3fd","/assets/vendor-radix-ViPoBAW5.js":"a6e6b4aee97e3f0e9a88f081212fb9820158be5c630233f0b25ab18a09fffcba","/assets/vendor-firebase-xpg7RFGu.js":"47924f22a9959d3c185dfa6ff932feb14a0062bc203abd382d27d16eb6ea25bc","/assets/vendor-charts-BalQ3oOv.js":"bf0c9726b67c8759844b501818c5b7890b50f75b9a8c29222e11edd1b5ff4591","/assets/user-x-Bn_djCCZ.js":"f9cb5d181ddfbb0decee2fa181645c98ac861680af36c987985efe5ff72f9d4d","/assets/user-LVc91Aq7.js":"5dacaa730e9348e636408bb80f184dfae63e28842ceef070af43c6fb96a54bd8","/assets/useFocusStreak-FiMNGS7n.js":"338ff38a05d75c1566b37bfe5f4461a4ea72988e416194bf6b3ea272b9f8193d","/assets/useFathurTutoringSchedule-CisdcvvN.js":"5cca4f00f2b0217cc859220405523447baccac5adc5ebefe305060940c67015d","/assets/tutoringScheduleService-BcAQ1ywU.js":"7b3a6e5ec98c5e026ffb2895448ad15a28ef11e1e88df8a64d30a50e7a8ca4a3","/assets/Tutoring-C0ZfwGey.js":"91189f5c7348e3d57caed5ea7cbb756c10ce0ad10ecfacabfa2c6d2db5cc01e6","/assets/trash-2-CIG-rY65.js":"1796c0f73c3bb6c7b7cc37c5960ca834e28019c78bd138ff6c197138a993255b","/assets/timer-reset-DByZAhUK.js":"e56d818c3e8c9bd7b9dce9940ad72e147ee6123f845b2ad17a08ace68434b863","/assets/TimeBox-DGte_ymQ.js":"4c8b3c02bab089aefb57111e5496fc1902d940c186644054a31715a41337f92c","/assets/TimeBox-BkdJh0Ca.css":"5c3f26be22adac13b9d5648d407a79b0e41d4c2f18103bbda483e48f58009430","/assets/TaskSummaryPdf-BmQz4RKO.js":"de4e23d1b409187ae3f52e70c40905d01f1c2244d955ed5d78f976d58220017f","/assets/Tasks-VDEd0uTx.js":"1b1150653a18956a9d980f9b520b90c213276e9661e3a9071b071b876ac8a1b1","/assets/TaskForm-B8L-iixf.js":"fa4999379e0689e96c5a8f7d9ab47638a96bacf1a98d0c5298148dd2934ab99c","/assets/TaskDetail-CdsRwK_y.js":"e9a73daa2997ea5a9063afda01b694659f1426018946c2d57360e9893ebff93a","/assets/target-BTo-vzPR.js":"7bc4bbdae1e66f3eeba8fd84e65b2d09760d9b1748a46e36ecc789dfa47e764c","/assets/tablet-ws0GWF-b.js":"5539760d488f2d7fe93a2c7b1a70d2035d3cb2824e63ff000b52408746477b54","/assets/storageService-CYzDYIQ9.js":"ad66a4be2f10846b58351e15530fe7534434851fa38d67b9b2ac30c5c3379a5a","/assets/StatusBadge-EqU7V2-r.js":"a04a80e78fe1574c8c95ca04a6dde48c1090668102f42ec7c2d728fd0b3ea46c","/assets/smartphone-BDyDfAnI.js":"7624132bf39919fd192331da4e63e72b4ff31e585e9c7378788f37f5b2ec2577","/assets/sliders-horizontal-DRmzhWzr.js":"70718fe881113a60f67a25546ac1af340bde2be15860d91c69a2b61a48e188d0","/assets/Settings-wEUK4ojd.js":"5163b23faa40d7e8477343d0ce783455a25d92dd5de2656d1a5bbd0c83d8e310","/assets/settings-2-BhYqTH-F.js":"3ba4592355f45768db08a05a6a11f86ef99e98d20eb443e25c07620bd2856dce","/assets/send-D9aiAZNr.js":"8595a57dbc52bf879ff25e1ec60bc885dd57d2cc7bc335e9bb35f637165749c4","/assets/Search-DsUtmKdk.js":"4e49f6b5f1342080f3fce7ce50781101fd0bddcb6ada7f8151f126fb56b75cf6","/assets/Schedule-Cedit--2.js":"b25682edc359a47a382d2e898b16de2cb557d6819dc2a15eca5c026671a451e4","/assets/save-DAqxl68x.js":"a0aac6498802fa390764d644c8bf79022c9113b1c69480e639cf4590bcdd162d","/assets/rotate-ccw-CxTAkGZi.js":"d010b778131d0c45411db7d79a696a33dd156b405efb05036260cf8010b6e0aa","/assets/ResetPassword-DpbVM7gg.js":"69b248517862d1ab36c45cb61966c45a2b089af1fd45e487da303284d5397a99","/assets/RemotePage-CpZX-AMj.js":"60fc057ffd77e78aedff66e802c851fe9ad2046eba0162be354e355b8102a498","/assets/Register-BUepgZCR.js":"bf5fefa1285dea76295e117e388c73ebb94a1ed2bf233fd4fdced8b766854665","/assets/Raport-ChKV7Ecj.js":"7ee9865720cb0732bc86c0d9534a60de374c519381651be0d2791854f16bcfde","/assets/Profile-CP7Ks9yE.js":"17b42c3b9e14a74a6a7f5760cea2b98a701dea5cbc9ee7f257faaf772bbae17f","/assets/plus-CsdlgDJl.js":"b01efa394fb26837ab6f7058d473f1c0ddd7a15a4e5e6ca4634ec017278b31e1","/assets/play-DL5ULabx.js":"7875d30e2f188253da07e86f506ddcad1d82d17a5af59279f6010e533431338f","/assets/pen-line-BNiZpWj_.js":"15e7c1ad1fc4b914efe55efa7a68788b78ba745529df54e6ee02bc0bd6a0458a","/assets/paperclip-gBSJ-5Qn.js":"09fef1369b4c16cd1c5af246adbcc9156fbe6257d31fb5077ec9a5a9bfb2ac3f","/assets/palette-B8a3IuIh.js":"ca46a8976778bac48c22ea9374472f241609f6daa50ef39c70d4721c6c99c3a8","/assets/Notifications-2aYfX6Rt.js":"ace759524c824790221dc7d4bb1b964bd01cc7af167526da2b842efe22799e49","/assets/Notes-CLhvgQxl.js":"b4ee8fab167bddf2dfe56b78459afa5b1919bc188b14134c6e4cf62c7fd2387e","/assets/MyMinee-G67rcVBI.js":"33f43960283838c499f3db4de89432710fb0693d9d856be9c6f0281ab9fcfcb2","/assets/monitor-DfnmLpKV.js":"899f0f5c81ff65d185c014ba87183dda35abfca45f0a1007924fee4a01e09f80","/assets/Modal-BWSDJCFI.js":"8a31d0dc969249c065875a654970924125d02976f20a169fba1ef124a72399eb","/assets/message-square-D_9vVYHI.js":"b1b0e35dae5a3e474e17ed82f1b48c39eeed6b91277729c54f7677a3bb74b9cd","/assets/lock-keyhole-B9H8eznt.js":"d82ef4b0c4d357ecbf44203d3174d6c755466317d29bbb8c2fff809c7090caa0","/assets/layout-grid-D7-VUxXM.js":"de57fb98b545463a9a854e23dd898ba07c0bd8b984753ad5bcc3c61862ff76bc","/assets/layers-Docb8VOR.js":"1ca874cc9b1c349dec927723c572b6569449eebcc790e657b2413ec7685a3602","/assets/JadwalSholat-DsUSfDx7.js":"6073d9264b6079d974a567c0f28aa3f64c35f2a86cc9fdfeabc22dd413ad81b4","/assets/Insights-BEgW_iph.js":"c3d1dd98fa9dfe7cb3821eefa46ba26b7345fc50111253b02df6e8b72ce8b86a","/assets/index-D113b37a.css":"9d6364609f4a23f447b3c16a35b43b788aca5221c825f925c333fca8b5ff2dcf","/assets/index-CpfbQU_2.js":"e6e2664ef66652eb802395ae9e2c322b650a58c1be53d9ba34c0300ce5f963d7","/assets/index-BfCLoIoR.js":"85b317f71563f84db013429e44619b242ecfe940cfa28c3ffab0ed8959ce1b74","/assets/gauge-736ycjuf.js":"6913b4c1e0d2d2524694e3c102fbe8945af8c31fe767e7154af13ea28fa5f8fd","/assets/ForgotPassword-B698BhJY.js":"47c88db2618824315164043f4f0c5485d2b05f8b6285efeb3b979324f01e1f54","/assets/focusService-CBh2KRPA.js":"ed95684f44366f08a30dfcab8d74e892ba042144b4f934b1c57468f1b3c7ce11","/assets/Focus-reNncoRH.js":"85fea95c373900217031f2f4f23ed6c466ce210d5503b7182244c82c7e44434d","/assets/firebase-B08cDykw.js":"fbaa570ddd2aed957f4ee30bf0124b9de2701a0f1e7c6d53a91790aa18516c41","/assets/file-up-B69UYaY3.js":"16a2563e0f7f8c7c2d9613424c6ab192e6b0e42c5df831e04f1858f885c5e1ea","/assets/file-text-CJkv0Mhw.js":"49c292833542d98d88585662771028f6e54bcdf6a16514c02c6c9cda5fd79244","/assets/file-BR4grBVj.js":"233c7877c9ce039c05e2c46625a6a848687009eb57c635fee6f40bc03cfffa72","/assets/fazet-login-9.js":"9e7f35960a39c69e3d4a9476b75b7795670b0ddf0a86d0a85bfba6fa934a2b68","/assets/fazet-auth-theme.css":"35fc2bdff23cc3dd2c82c20ed08406169854a02d939ca84c3a0c31095d63e9bf","/assets/eye-BKEpvc_w.js":"a687cefd51b4f8710e77dc59c2c0a6187ecc9f99731900a8faa276b66dc748c9","/assets/external-link-BCiX1qxT.js":"a8989ac9d38ab7cd5a1e2974c54db04faf24cff698d7ae3d8a66eb54e6de6ad7","/assets/EmptyState-bvuxVT_A.js":"28f7017e559ad08fc6b9c7b5f4d25924648227e58cdc8ba8d8e3b94b84a2676b","/assets/download-CO7bqsZx.js":"a02e90a730adee063f47ca3be4dc75a468d1b4bbceaac020830d5d32da118710","/assets/digitalCardService-Dcjg6QX-.js":"961baf490d4cca7d21acdfb63d19e6a90942262fdf3504bc45e242b022d75a14","/assets/database-BzuafBZR.js":"6fdc5ebd1a2690ffa60ebf437011bddf0cfa7e41943c0838763993fe76bde124","/assets/Dashboard-Bubw3-2x.js":"813068c269a4ccbd4ada60827cfaf94b5e66067f41bd01d343a7d544f207467b","/assets/copy-De1sVDbK.js":"d88ba720e821e66d001fad33af9d8d3b4f4a18ab8439350e9d603c35eeb4880b","/assets/confetti.module-oQXWb4Lk.js":"7c787befa13c61150781f7eae8cbbbf64e66edb6770974dd24a0ef8059abe957","/assets/clock-eX-v0UPZ.js":"bf5e4803de872680fb31cef07c8a7069cb6fa340645eee7a3503fcf62fb7b081","/assets/circle-user-round-BHMg9DyL.js":"336cae2e3a80318fd868ca63bb050465a611e19101114b011c6feeae08976e2f","/assets/check-D81jmo0U.js":"0388c5d2109de80e464495e66d063163d8d6d96e083818a3a1ee815943ad0e1d","/assets/chatService-B_Nm8DZv.js":"c787304e1feb88d0c56514ec026ab90d105583cb380f06b0d21c48d0eee69f79","/assets/Chat-DoZ1Oxyk.js":"157863811ba3303349caa9f52ff13c184fbe19464854a4ca7d0dbe9faebfb9df","/assets/Card-Cwj2twXF.js":"c77f2355027728b680a12fd317ec6e67485cfe8820ba2c0d31d09c9618fb823f","/assets/calendar-heart-D3lvrJQb.js":"24510c50e9f8b0655a345724440404a51dca008c462b2ad816329b90291081e5","/assets/calendar-Db8nBa2T.js":"ec5d48cef26d8acf5f556c185fa424616a914099520dbefbaa695803c9f9cf7a","/assets/Calendar-BVGD5sZc.js":"ce222cbf2e18e1a314af9c812cb9198fb9ddf018be2ed6cc5d3a810134cad139","/assets/Button-ywL_O30z.js":"d9687d13c46566f8362c752b45437f9e01bd17daa4e79635672a00cd9166a9bc","/assets/brain-BStRKSX_.js":"e3f555b220d8f0b7fffaf8829017556096dbb99cd93d67fcec06209a23bafbf8","/assets/bell-ring-CbQdCAM0.js":"8d75b5d475c549bc5c9d34c42185e4db716ed6169e9dcc70d06fa1723c518c31","/assets/Badge-BykfoxpM.js":"a8a31c937df72a3f3ff6b530c2e003d5ebe74277566ac9a86e2e039a67e0d170","/assets/arrow-left-CL0RKzf7.js":"1677a8040f8e33ff4e4ced52e01633677e2840357f8dac0c2418c2465950a1d8","/assets/aiAssistantService-BJaZc2Qf.js":"1b7f0825a8d78eca813cdae482652b89384aa7413c002b26b3a157beb1489ea2","/assets/AiAssistant-DMniRXW7.js":"49080dfc23dae7b0730bdf479321338e888f767ee39f6fce2f869b3d22d81e18","/assets/AdminUsers-BACLjt7V.js":"bb5254c31dad255cdb1cb49c666b192f211e274ef6432975018b0fae6143b1d1","/assets/AdminTutoring-CkUjkoA9.js":"58534a7ca432eef2e28d14acbbb5086e59b16248445dcf166a297645546e7f9f","/assets/AdminTeachers-D2RqLpS3.js":"536bd4a26b511f7fd025dc595e13b35aa9bea14ec3279996186aa3812af045fe","/assets/AdminTaskWorkspace-BBmU1WKq.js":"99f3aaae3d37668080b35b4207f823b0ba6cc1639db1fa733fff0d35da59c456","/assets/AdminTasks-D785LBTJ.js":"6247f37939f0281da54f9674d7cd4c2fd24899bd1d5f115810c7dd9f528ffadd","/assets/AdminSubjects-TivlELXg.js":"690867811b7acd8867b51ae134f53c34a9ec2988077536719f6065fbc93fbcaf","/assets/AdminStorage-kV_SJTYe.js":"d1b45b30772f4c1e80327f69d03642abac214334b355bc7a737e2d4ce0f3f256","/assets/AdminSettings-fOPCf-b8.js":"01a622891863d43e04bfd124cca053be1ec9ddd55121ae2715651340bb79762d","/assets/AdminSessions-D0zRJsn4.js":"5c487a206941f541c1d9ae4ab50b2c694bf065b2a65857db2c2159332c5affef","/assets/AdminSchedule-XbOwG3QQ.js":"5daf441548f70f4405df54696d7e6577a8a64096bd860448876bbfbd32b7ac42","/assets/AdminOperations-DK00PFKr.js":"065409be19a7e0ce846955c32e08084e15272fc2224e4d61943bf717b4eeccdd","/assets/AdminNotifications-D3mKZODU.js":"0d4ad29180c42bbe786a3dab2df8149a010459764f484aeac0c1e499a083736f","/assets/AdminHub-Dn336l6Z.js":"794e2033531c830c8e20c67de736bb1b891eaf32a35e8940b4b330b353e3955f","/assets/AdminHealth-DKxZfiBv.js":"9eab98f55813e5dfcb80655280521e86c8d5b6a21990aecc08482a2b55f2d2d0","/assets/AdminHeader-gAw_4Tno.js":"26368965ad7edcb3d34ca9f63fece6c4e215900da4a211f15cbd070f125017d3","/assets/AdminFocusSessions-CliLGKEK.js":"ff782d235aea6b7b79e3dd3cdd58d036b366ba9abd567bde607f505b59a320a7","/assets/AdminDigitalCards-CSOBGbHh.js":"50027f2825e3e779fcd6b9240943695b09077ac71172eded26e7f670c6a543e0","/assets/AdminData-CqQCxY7A.js":"f89bde4dccda27e1a1581e29427aeb293895839f25c7a5cf13f0b7e05f8e891e","/assets/AdminDashboard-CBQ1W6Jz.js":"50d18a17d055e0011d4f3bb9d0d8632a3d37f5f1f6ccbeb3dc7a0e465856cec3","/assets/AdminControl-L5Njz-nH.js":"96ffcd629147b7f44e2a2a33352c52978b6cdba0824a1b0de0a2ca24bf7154ca","/assets/AdminBroadcast-Cxn8ph2d.js":"6b1a1d1107329ff333de9ca42fd38b636fa336b13ea76bdc5ae9062b4abd4d21","/assets/AdminAuditLogs-DaxaEG_g.js":"56aba036e567bb3368f141bd3e2d8e7cb414d0ac30c29608a7378e58e021aae7","/assets/AdminAnnouncements-CHcUZ-yM.js":"17496e044e628901fcf1b3df7f3c542796552597f03d858267a158a1d161fe51","/assets/ActivityCenter-Bb_CeiUq.js":"fa449672191288ecab4948e71c306df2fd5df050df75eccf6d43b1b24f0af08b","/albatross/Albatross.otf":"8679d2c3a2cdcc48bef0702a1ac88b7a7d401a156d91de55d6c506e32493aa28"}}
[debug] [2026-10-07T10:29:10.731Z] <<< [apiv2][status] POST https://firebasehosting.googleapis.com/v1beta1/projects/875562571062/sites/raport-f581d/versions/8e31625bc80d12dc:populateFiles 200
[debug] [2026-10-07T10:29:10.731Z] <<< [apiv2][body] POST https://firebasehosting.googleapis.com/v1beta1/projects/875562571062/sites/raport-f581d/versions/8e31625bc80d12dc:populateFiles {"uploadUrl":"https://upload-firebasehosting.googleapis.com/upload/sites/raport-f581d/versions/8e31625bc80d12dc/files"}
[debug] [2026-10-07T10:29:10.731Z] [hosting][populate queue][FINAL] {"max":1630,"min":1630,"avg":1630,"active":0,"complete":1,"success":1,"errored":0,"retried":0,"total":1,"elapsed":1630}
[debug] [2026-10-07T10:29:10.731Z] [hosting] uploads queued: 0
[debug] [2026-10-07T10:29:10.731Z] [hosting][upload queue][FINAL] {"max":0,"min":9999999999,"avg":0,"active":0,"complete":0,"success":0,"errored":0,"retried":0,"total":0,"elapsed":1791368950731}
[info] i  hosting: upload complete 
[info] +  hosting[raport-f581d]: file upload complete 
[debug] [2026-10-07T10:29:10.732Z] [hosting] deploy completed after 1655ms
[debug] [2026-10-07T10:29:10.732Z] [
  {
    "config": {
      "public": "dist",
      "ignore": [
        "firebase.json",
        "**/.*",
        "**/node_modules/**"
      ],
      "rewrites": [
        {
          "source": "**",
          "destination": "/index.html"
        }
      ],
      "cleanUrls": true,
      "trailingSlash": false,
      "site": "raport-f581d"
    },
    "version": "projects/875562571062/sites/raport-f581d/versions/8e31625bc80d12dc"
  }
]
[info] i  hosting[raport-f581d]: finalizing version... 
[debug] [2026-10-07T10:29:10.733Z] Checked if tokens are valid: true, expires at: 1791372074186
[debug] [2026-10-07T10:29:10.733Z] Checked if tokens are valid: true, expires at: 1791372074186
[debug] [2026-10-07T10:29:10.733Z] >>> [apiv2][query] PATCH https://firebasehosting.googleapis.com/v1beta1/projects/-/sites/raport-f581d/versions/8e31625bc80d12dc updateMask=status%2Cconfig
[debug] [2026-10-07T10:29:10.733Z] >>> [apiv2][body] PATCH https://firebasehosting.googleapis.com/v1beta1/projects/-/sites/raport-f581d/versions/8e31625bc80d12dc {"status":"FINALIZED","config":{"rewrites":[{"glob":"**","path":"/index.html"}],"cleanUrls":true,"trailingSlashBehavior":"REMOVE"}}
